
  .   ____          _            __ _ _
 /\\ / ___'_ __ _ _(_)_ __  __ _ \ \ \ \
( ( )\___ | '_ | '_| | '_ \/ _` | \ \ \ \
 \\/  ___)| |_)| | | | | || (_| |  ) ) ) )
  '  |____| .__|_| |_|_| |_\__, | / / / /
 =========|_|==============|___/=/_/_/_/

 :: Spring Boot ::               (v3.5.13)

2026-07-22T16:01:43.985-05:00  INFO 24236 --- [consultorio] [           main] c.s.consultorio.ConsultorioApplication   : Starting ConsultorioApplication using Java 21.0.10 with PID 24236 (C:\mis-proyectos\CONSULTORIO-CLINICO\SOFTWARE-CONSULTORIO-MEDICO\consultorio\target\classes started by Doki in C:\mis-proyectos\CONSULTORIO-CLINICO\SOFTWARE-CONSULTORIO-MEDICO\consultorio)
2026-07-22T16:01:43.990-05:00  INFO 24236 --- [consultorio] [           main] c.s.consultorio.ConsultorioApplication   : No active profile set, falling back to 1 default profile: "default"
2026-07-22T16:01:45.988-05:00  INFO 24236 --- [consultorio] [           main] .s.d.r.c.RepositoryConfigurationDelegate : Bootstrapping Spring Data JPA repositories in DEFAULT mode.
2026-07-22T16:01:46.149-05:00  INFO 24236 --- [consultorio] [           main] .s.d.r.c.RepositoryConfigurationDelegate : Finished Spring Data repository scanning in 127 ms. Found 11 JPA repository interfaces.
2026-07-22T16:01:47.163-05:00  INFO 24236 --- [consultorio] [           main] o.s.b.w.embedded.tomcat.TomcatWebServer  : Tomcat initialized with port 8091 (http)
2026-07-22T16:01:47.186-05:00  INFO 24236 --- [consultorio] [           main] o.apache.catalina.core.StandardService   : Starting service [Tomcat]
2026-07-22T16:01:47.186-05:00  INFO 24236 --- [consultorio] [           main] o.apache.catalina.core.StandardEngine    : Starting Servlet engine: [Apache Tomcat/10.1.53]
2026-07-22T16:01:47.275-05:00  INFO 24236 --- [consultorio] [           main] o.a.c.c.C.[Tomcat].[localhost].[/]       : Initializing Spring embedded WebApplicationContext
2026-07-22T16:01:47.277-05:00  INFO 24236 --- [consultorio] [           main] w.s.c.ServletWebServerApplicationContext : Root WebApplicationContext: initialization completed in 3194 ms
2026-07-22T16:01:47.674-05:00  INFO 24236 --- [consultorio] [           main] o.hibernate.jpa.internal.util.LogHelper  : HHH000204: Processing PersistenceUnitInfo [name: default]
2026-07-22T16:01:47.777-05:00  INFO 24236 --- [consultorio] [           main] org.hibernate.Version                    : HHH000412: Hibernate ORM core version 6.6.45.Final
2026-07-22T16:01:47.864-05:00  INFO 24236 --- [consultorio] [           main] o.h.c.internal.RegionFactoryInitiator    : HHH000026: Second-level cache disabled
2026-07-22T16:01:48.312-05:00  INFO 24236 --- [consultorio] [           main] o.s.o.j.p.SpringPersistenceUnitInfo      : No LoadTimeWeaver setup: ignoring JPA class transformer
2026-07-22T16:01:48.371-05:00  INFO 24236 --- [consultorio] [           main] com.zaxxer.hikari.HikariDataSource       : HikariPool-1 - Starting...
2026-07-22T16:01:48.553-05:00  INFO 24236 --- [consultorio] [           main] com.zaxxer.hikari.pool.HikariPool        : HikariPool-1 - Added connection org.mariadb.jdbc.Connection@602a3237
2026-07-22T16:01:48.555-05:00  INFO 24236 --- [consultorio] [           main] com.zaxxer.hikari.HikariDataSource       : HikariPool-1 - Start completed.
2026-07-22T16:01:48.586-05:00  WARN 24236 --- [consultorio] [           main] org.hibernate.orm.deprecation            : HHH90000025: MariaDBDialect does not need to be specified explicitly using 'hibernate.dialect' (remove the property setting and it will be selected by default)
2026-07-22T16:01:48.611-05:00  INFO 24236 --- [consultorio] [           main] org.hibernate.orm.connections.pooling    : HHH10001005: Database info:
	Database JDBC URL [Connecting through datasource 'HikariDataSource (HikariPool-1)']
	Database driver: undefined/unknown
	Database version: 12.3.2
	Autocommit mode: undefined/unknown
	Isolation level: undefined/unknown
	Minimum pool size: undefined/unknown
	Maximum pool size: undefined/unknown
2026-07-22T16:01:51.284-05:00  INFO 24236 --- [consultorio] [           main] o.h.e.t.j.p.i.JtaPlatformInitiator       : HHH000489: No JTA platform available (set 'hibernate.transaction.jta.platform' to enable JTA platform integration)
2026-07-22T16:01:51.406-05:00  INFO 24236 --- [consultorio] [           main] j.LocalContainerEntityManagerFactoryBean : Initialized JPA EntityManagerFactory for persistence unit 'default'
2026-07-22T16:01:52.007-05:00  INFO 24236 --- [consultorio] [           main] o.s.d.j.r.query.QueryEnhancerFactory     : Hibernate is in classpath; If applicable, HQL parser will be used.
2026-07-22T16:01:53.314-05:00  INFO 24236 --- [consultorio] [           main] eAuthenticationProviderManagerConfigurer : Global AuthenticationManager configured with AuthenticationProvider bean with name authenticationProvider
2026-07-22T16:01:53.315-05:00  WARN 24236 --- [consultorio] [           main] r$InitializeUserDetailsManagerConfigurer : Global AuthenticationManager configured with an AuthenticationProvider bean. UserDetailsService beans will not be used by Spring Security for automatically configuring username/password login. Consider removing the AuthenticationProvider bean. Alternatively, consider using the UserDetailsService in a manually instantiated DaoAuthenticationProvider. If the current configuration is intentional, to turn off this warning, increase the logging level of 'org.springframework.security.config.annotation.authentication.configuration.InitializeUserDetailsBeanManagerConfigurer' to ERROR
2026-07-22T16:01:54.730-05:00  INFO 24236 --- [consultorio] [           main] o.s.b.a.e.web.EndpointLinksResolver      : Exposing 13 endpoints beneath base path '/actuator'
2026-07-22T16:01:54.880-05:00  WARN 24236 --- [consultorio] [           main] thorizationManagerRequestMatcherRegistry : One of the patterns in [/swagger-ui/**, v3/api-docs/**] is missing a leading slash. This is discouraged; please include the leading slash in all your request matcher patterns. In future versions of Spring Security, leaving out the leading slash will result in an exception.
2026-07-22T16:01:55.555-05:00  INFO 24236 --- [consultorio] [           main] o.s.b.w.embedded.tomcat.TomcatWebServer  : Tomcat started on port 8091 (http) with context path '/'
2026-07-22T16:01:55.575-05:00  INFO 24236 --- [consultorio] [           main] c.s.consultorio.ConsultorioApplication   : Started ConsultorioApplication in 12.25 seconds (process running for 12.899)
--VERIFICANDO CCONEXION A LA BASE DE DATOS--
CONEXION A LA BASE DE DATOS EXITOSA
--VERIFICACION FINALIZADA--
2026-07-22T16:01:55.704-05:00  WARN 24236 --- [consultorio] [           main] o.s.core.events.SpringDocAppInitializer  : SpringDoc /v3/api-docs endpoint is enabled by default. To disable it in production, set the property 'springdoc.api-docs.enabled=false'
2026-07-22T16:01:55.704-05:00  WARN 24236 --- [consultorio] [           main] o.s.core.events.SpringDocAppInitializer  : SpringDoc /swagger-ui.html endpoint is enabled by default. To disable it in production, set the property 'springdoc.swagger-ui.enabled=false'
